... logging to /home/uav/.ros/log/a5ba0fca-9529-11f1-a611-e1192292e977/roslaunch-uav-Mini-Pc-20523.log
Checking log directory for disk usage. This may take a while.
Press Ctrl-C to interrupt
Done checking log file disk usage. Usage is <1GB.
]2;/home/uav/land_ws/src/sunray_tutorial/launch/vision_cmd_mux.launch
[1mstarted roslaunch server http://127.0.0.1:40969/[0m

SUMMARY
========

PARAMETERS
 * /rosdistro: noetic
 * /rosversion: 1.17.4
 * /vision_cmd_mux_1/uav_id: 1
 * /vision_cmd_mux_1/uav_name: uav

NODES
  /
    vision_cmd_mux_1 (sunray_tutorial/vision_cmd_mux)

[1mROS_MASTER_URI=http://127.0.0.1:11311[0m
]2;/home/uav/land_ws/src/sunray_tutorial/launch/vision_cmd_mux.launch http://127.0.0.1:11311
[1mprocess[vision_cmd_mux_1-1]: started with pid [20538][0m
[33m[WARN] [1786417736.810099371]: [MUX] demo=/uav1/demo_control_cmd vision=/uav1/vision_control_cmd out=/uav1/uav_control_cmd pause=/uav1/pause_demo[0m
[MUX] 启动：pause=true 转发视觉，pause=false 转发 demo 航线
Error in XmlRpcClient::writeRequest: write error (Connection refused).
Error in XmlRpcClient::writeRequest: write error (Connection refused).
Error in XmlRpcClient::writeRequest: write error (Connection refused).
Error in XmlRpcClient::writeRequest: write error (Connection refused).
Error in XmlRpcClient::writeRequest: write error (Connection refused).
Error in XmlRpcClient::writeRequest: write error (Connection refused).
Error in XmlRpcClient::writeRequest: write error (Connection refused).
Error in XmlRpcClient::writeRequest: write error (Connection refused).
Error in XmlRpcClient::writeRequest: write error (Connection refused).
