... logging to /home/uav/.ros/log/a5ba0fca-9529-11f1-a611-e1192292e977/roslaunch-uav-Mini-Pc-9459.log
Checking log directory for disk usage. This may take a while.
Press Ctrl-C to interrupt
Done checking log file disk usage. Usage is <1GB.
]2;roscore
[1mstarted roslaunch server http://127.0.0.1:37129/[0m
ros_comm version 1.17.4


SUMMARY
========

PARAMETERS
 * /rosdistro: noetic
 * /rosversion: 1.17.4

NODES

auto-starting new master
[1mprocess[master]: started with pid [9490][0m
[1mROS_MASTER_URI=http://127.0.0.1:11311/[0m
]2;roscore http://127.0.0.1:11311/
[1msetting /run_id to a5ba0fca-9529-11f1-a611-e1192292e977[0m
[1mprocess[rosout-1]: started with pid [9503][0m
started core service [/rosout]
[rosout-1] killing on exit
[master] killing on exit
shutting down processing monitor...
... shutting down processing monitor complete
[1mdone[0m
