... logging to /home/uav/.ros/log/a5ba0fca-9529-11f1-a611-e1192292e977/roslaunch-uav-Mini-Pc-11499.log
Checking log directory for disk usage. This may take a while.
Press Ctrl-C to interrupt
Done checking log file disk usage. Usage is <1GB.
]2;/home/uav/land_ws/src/sunray_tutorial/launch/auto_listen_hover.launch
[1mstarted roslaunch server http://127.0.0.1:41983/[0m

SUMMARY
========

PARAMETERS
 * /auto_land_1/align_exit_markers: 0
 * /auto_land_1/align_gain: 1.0
 * /auto_land_1/align_min_markers: 1
 * /auto_land_1/approach_floor_z: 0.5
 * /auto_land_1/approach_xy: 0.15
 * /auto_land_1/auto_takeoff: False
 * /auto_land_1/bench_mode: True
 * /auto_land_1/descend_min_markers: 1
 * /auto_land_1/drop_height: 0.05
 * /auto_land_1/error_xy: 0.1
 * /auto_land_1/error_z: 0.25
 * /auto_land_1/fine_min_markers: 4
 * /auto_land_1/height: 1.8
 * /auto_land_1/land_on_lost_tag: False
 * /auto_land_1/land_vel: 0.3
 * /auto_land_1/last_land_time: 1.5
 * /auto_land_1/listen_hover_mode: False
 * /auto_land_1/lost_tag_react: 0.6
 * /auto_land_1/lost_tag_timeout: 8.0
 * /auto_land_1/low_land_z: 0.2
 * /auto_land_1/min_start_z: 0.5
 * /auto_land_1/route_land_mode: True
 * /auto_land_1/route_warmup_frames: 2
 * /auto_land_1/slow_drop: 0.05
 * /auto_land_1/uav_id: 1
 * /auto_land_1/uav_name: uav
 * /auto_land_1/use_cmd_mux: True
 * /rosdistro: noetic
 * /rosversion: 1.17.4
 * /vision_cmd_mux_1/uav_id: 1
 * /vision_cmd_mux_1/uav_name: uav

NODES
  /
    auto_land_1 (sunray_tutorial/auto_land_by_pose)
    vision_cmd_mux_1 (sunray_tutorial/vision_cmd_mux)

[1mROS_MASTER_URI=http://127.0.0.1:11311[0m
]2;/home/uav/land_ws/src/sunray_tutorial/launch/auto_listen_hover.launch http://127.0.0.1:11311
[1mprocess[vision_cmd_mux_1-1]: started with pid [11514][0m
[1mprocess[auto_land_1-2]: started with pid [11515][0m
[33m[WARN] [1786414450.253077988]: [MUX] demo=/uav1/demo_control_cmd vision=/uav1/vision_control_cmd out=/uav1/uav_control_cmd pause=/uav1/pause_demo[0m
[1m[34m [INIT] auto_takeoff=0 bench_mode=1 route_land=1 mux=1 height=1.80 | sub state=/uav1/swarm/uav_state | sub tag=/uav1/sunray_detect/qrcode_detection_ros | pub cmd=/uav1/vision_control_cmd | pub setup=/uav1/setup[0m
[0m[INFO] [1786414450.271581804]: [INIT] auto_takeoff=0 bench_mode=1 route_land=1 mux=1 height=1.80 | sub state=/uav1/swarm/uav_state | sub tag=/uav1/sunray_detect/qrcode_detection_ros | pub cmd=/uav1/vision_control_cmd | pub setup=/uav1/setup[0m
[INIT] auto_takeoff=0 bench_mode=1 route_land=1 mux=1 height=1.80 | sub state=/uav1/swarm/uav_state | sub tag=/uav1/sunray_detect/qrcode_detection_ros | pub cmd=/uav1/vision_control_cmd | pub setup=/uav1/setup
[0m[INFO] [1786414450.272408571]: [INIT] auto_takeoff=false, last_time reset; waiting external UAV + tag[0m
[INIT] auto_takeoff=false, last_time reset; waiting external UAV + tag
[33m[WARN] [1786414450.272429256]: [BENCH] bench_mode=true: skip wait for UAVState; NO real flight. Watch [TX] / [LISTEN].[0m
[BENCH] bench_mode=true: skip wait for UAVState; NO real flight.
[MUX] 启动：pause=true 转发视觉，pause=false 转发 demo 航线
Error in XmlRpcClient::writeRequest: write error (Connection refused).
[0m[INFO] [1786414450.772621615]: [OK] got UAVState: armed=0 control_mode=0 pos=[0.00 0.00 0.00][0m
[OK] got UAVState: armed=0 control_mode=0 pos=[0.00 0.00 0.00]
[33m[WARN] [1786414450.772712195]: [ROUTE-LAND] ????????????????????? ??? pause_demo ??? ?????????????????????>= 1 ???????????????[0m
[ROUTE-LAND] 不见码不占总线；见码停航线并降落；warmup=2 帧
[33m[WARN] [1786414450.822976678]: [ROUTE-LAND] ???????????????demo ????????????[0m
[33m[WARN] [1786414453.832710922]: [ROUTE-LAND] ???????????????demo ????????????[0m
[33m[WARN] [1786414456.842204369]: [ROUTE-LAND] ???????????????demo ????????????[0m
[33m[WARN] [1786414459.850541087]: [ROUTE-LAND] ???????????????demo ????????????[0m
[33m[WARN] [1786414462.859997824]: [ROUTE-LAND] ???????????????demo ????????????[0m
[33m[WARN] [1786414465.870273032]: [ROUTE-LAND] ???????????????demo ????????????[0m
[33m[WARN] [1786414468.880445392]: [ROUTE-LAND] ???????????????demo ????????????[0m
[33m[WARN] [1786414471.889964545]: [ROUTE-LAND] ???????????????demo ????????????[0m
[33m[WARN] [1786414474.899687344]: [ROUTE-LAND] ???????????????demo ????????????[0m
[33m[WARN] [1786414477.913430218]: [ROUTE-LAND] ???????????????demo ????????????[0m
[33m[WARN] [1786414480.922745115]: [ROUTE-LAND] ???????????????demo ????????????[0m
[33m[WARN] [1786414483.932386895]: [ROUTE-LAND] ???????????????demo ????????????[0m
[33m[WARN] [1786414486.942230568]: [ROUTE-LAND] ???????????????demo ????????????[0m
[33m[WARN] [1786414489.952556650]: [ROUTE-LAND] ???????????????demo ????????????[0m
[33m[WARN] [1786414492.961562786]: [ROUTE-LAND] ???????????????demo ????????????[0m
[33m[WARN] [1786414495.970481066]: [ROUTE-LAND] ???????????????demo ????????????[0m
[33m[WARN] [1786414498.980051267]: [ROUTE-LAND] ???????????????demo ????????????[0m
[33m[WARN] [1786414501.990563961]: [ROUTE-LAND] ???????????????demo ????????????[0m
[33m[WARN] [1786414505.000264413]: [ROUTE-LAND] ???????????????demo ????????????[0m
[33m[WARN] [1786414508.010373645]: [ROUTE-LAND] ???????????????demo ????????????[0m
[33m[WARN] [1786414511.020941665]: [ROUTE-LAND] ???????????????demo ????????????[0m
[33m[WARN] [1786414514.030568284]: [ROUTE-LAND] ???????????????demo ????????????[0m
[33m[WARN] [1786414517.039786807]: [ROUTE-LAND] ???????????????demo ????????????[0m
